Importing module
>>> say_my_name = __import__('3-say_my_name').say_my_name

Test 1
>>> say_my_name("Smith", "White")
My name is Salva Diaz

Test 2
>>> say_my_name("Smith")
My name is Salva 

Test 3
>>> say_my_name(1, "White")
Traceback (most recent call last):
    . . .
TypeError: first_name must be a string

Test 4
>>> say_my_name("Smith", 34)
Traceback (most recent call last):
    . . .
TypeError: last_name must be a string

Test 5
>>> say_my_name()
Traceback (most recent call last):
    . . .
TypeError: say_my_name() missing 1 required positional argument: 'first_name'
